[root@localhost ~]# ip neigh
192.168.56.44 dev enp6s0 lladdr fa:16:3e:4a:69:54 PERMANENT
192.168.56.241 dev enp6s0  FAILED
192.168.56.12 dev enp6s0 lladdr 0c:c4:7a:15:1f:f5 STALE
192.168.56.44 dev veth1  FAILED
172.20.254.1 dev enp7s0 lladdr 0c:c4:7a:4f:15:7f STALE
192.168.56.44 dev vxlan-78 lladdr fa:16:3e:4a:69:54 PERMANENT
192.168.56.44 dev veth2 lladdr fa:16:3e:4a:69:54 STALE
172.20.254.254 dev enp7s0 lladdr 84:78:ac:0e:40:42 DELAY
192.168.56.11 dev enp6s0 lladdr 0c:c4:7a:15:1b:57 STALE
192.168.56.10 dev enp6s0 lladdr 0c:c4:7a:15:1f:5f STALE
172.20.28.108 dev enp7s0 lladdr 0c:c4:7a:4f:15:7f STALE
[root@localhost ~]# bridge fdb
33:33:00:00:00:01 dev enp6s0 self permanent
01:00:5e:00:00:01 dev enp6s0 self permanent
33:33:ff:ca:c9:64 dev enp6s0 self permanent
01:00:5e:00:00:01 dev enp7s0 self permanent
33:33:00:00:00:01 dev enp7s0 self permanent
33:33:ff:ca:c9:65 dev enp7s0 self permanent
33:33:00:00:00:01 dev br0 self permanent
01:00:5e:00:00:01 dev br0 self permanent
33:33:ff:79:34:06 dev br0 self permanent
aa:cf:15:c2:88:f2 dev vxlan-78 master br0 permanent
fa:16:3e:4a:69:54 dev vxlan-78 master br0 
aa:cf:15:c2:88:f2 dev vxlan-78 vlan 1 master br0 permanent
00:00:00:00:00:00 dev vxlan-78 dst 192.168.56.12 self permanent
00:00:00:00:00:00 dev vxlan-78 dst 192.168.56.11 self permanent
00:00:00:00:00:00 dev vxlan-78 dst 192.168.56.10 self permanent
fa:16:3e:4a:69:54 dev vxlan-78 dst 192.168.56.12 self permanent
fe:54:00:eb:68:87 dev vnet0 vlan 1 master br0 permanent
fe:54:00:eb:68:87 dev vnet0 master br0 permanent
33:33:00:00:00:01 dev vnet0 self permanent
01:00:5e:00:00:01 dev vnet0 self permanent
33:33:ff:eb:68:87 dev vnet0 self permanent
82:49:8e:cd:81:e1 dev veth1 vlan 1 master br0 permanent
82:49:8e:cd:81:e1 dev veth1 master br0 permanent
c6:c0:78:9a:ad:82 dev veth1 master br0 
33:33:00:00:00:01 dev veth1 self permanent
01:00:5e:00:00:01 dev veth1 self permanent
33:33:ff:cd:81:e1 dev veth1 self permanent
66:5c:5c:bb:7f:7e dev veth3 master br0 permanent
66:5c:5c:bb:7f:7e dev veth3 vlan 1 master br0 permanent
ae:03:fd:b4:bd:c5 dev veth3 master br0 
33:33:00:00:00:01 dev veth3 self permanent
01:00:5e:00:00:01 dev veth3 self permanent
33:33:ff:bb:7f:7e dev veth3 self permanent
33:33:00:00:00:01 dev veth2 self permanent
01:00:5e:00:00:01 dev veth2 self permanent
33:33:ff:b4:bd:c5 dev veth2 self permanent

[root@localhost ~]# route -n
Kernel IP routing table
Destination     Gateway         Genmask         Flags Metric Ref    Use Iface
0.0.0.0         172.20.254.254  0.0.0.0         UG    0      0        0 enp7s0
169.254.0.0     0.0.0.0         255.255.0.0     U     1002   0        0 enp6s0
169.254.0.0     0.0.0.0         255.255.0.0     U     1003   0        0 enp7s0
172.20.0.0      0.0.0.0         255.255.0.0     U     0      0        0 enp7s0
192.168.56.0    0.0.0.0         255.255.255.0   U     0      0        0 enp6s0
192.168.56.0    0.0.0.0         255.255.255.0   U     0      0        0 veth2
192.168.56.12   192.168.56.19   255.255.255.255 UGH   0      0        0 enp6s0
[root@localhost ~]# ip r del 192.168.56.0/24 dev enp6s0
[root@localhost ~]# route -n
Kernel IP routing table
Destination     Gateway         Genmask         Flags Metric Ref    Use Iface
0.0.0.0         172.20.254.254  0.0.0.0         UG    0      0        0 enp7s0
169.254.0.0     0.0.0.0         255.255.0.0     U     1002   0        0 enp6s0
169.254.0.0     0.0.0.0         255.255.0.0     U     1003   0        0 enp7s0
172.20.0.0      0.0.0.0         255.255.0.0     U     0      0        0 enp7s0
192.168.56.0    0.0.0.0         255.255.255.0   U     0      0        0 veth2
192.168.56.12   192.168.56.19   255.255.255.255 UGH   0      0        0 enp6s0
[root@localhost ~]# ip netns exec veth0 ip a
1: lo: <LOOPBACK> mtu 65536 qdisc noop state DOWN group default qlen 1000
    link/loopback 00:00:00:00:00:00 brd 00:00:00:00:00:00
13: veth0@if12: <BROADCAST,MULTICAST,UP,LOWER_UP> mtu 1500 qdisc noqueue state UP group default qlen 1000
    link/ether c6:c0:78:9a:ad:82 brd ff:ff:ff:ff:ff:ff link-netnsid 0
    inet 192.168.56.242/24 scope global veth0
       valid_lft forever preferred_lft forever
    inet6 fe80::c4c0:78ff:fe9a:ad82/64 scope link 
       valid_lft forever preferred_lft forever
[root@localhost ~]# ip netns exec veth0 ping 192.168.56.44
PING 192.168.56.44 (192.168.56.44) 56(84) bytes of data.
64 bytes from 192.168.56.44: icmp_seq=1 ttl=64 time=0.306 ms
64 bytes from 192.168.56.44: icmp_seq=2 ttl=64 time=0.263 ms
^C
--- 192.168.56.44 ping statistics ---
2 packets transmitted, 2 received, 0% packet loss, time 999ms
rtt min/avg/max/mdev = 0.263/0.284/0.306/0.027 ms
[root@localhost ~]# ping 192.168.56.44
PING 192.168.56.44 (192.168.56.44) 56(84) bytes of data.
64 bytes from 192.168.56.44: icmp_seq=1 ttl=64 time=0.297 ms
64 bytes from 192.168.56.44: icmp_seq=2 ttl=64 time=0.232 ms
64 bytes from 192.168.56.44: icmp_seq=3 ttl=64 time=0.234 ms
64 bytes from 192.168.56.44: icmp_seq=4 ttl=64 time=0.234 ms
64 bytes from 192.168.56.44: icmp_seq=5 ttl=64 time=0.285 ms
64 bytes from 192.168.56.44: icmp_seq=6 ttl=64 time=0.195 ms
^C
--- 192.168.56.44 ping statistics ---
6 packets transmitted, 6 received, 0% packet loss, time 5000ms
rtt min/avg/max/mdev = 0.195/0.246/0.297/0.035 ms
[root@localhost ~]# ping 192.168.56.44
PING 192.168.56.44 (192.168.56.44) 56(84) bytes of data.
64 bytes from 192.168.56.44: icmp_seq=1 ttl=64 time=0.191 ms
64 bytes from 192.168.56.44: icmp_seq=2 ttl=64 time=0.229 ms
64 bytes from 192.168.56.44: icmp_seq=3 ttl=64 time=0.277 ms
64 bytes from 192.168.56.44: icmp_seq=4 ttl=64 time=0.322 ms
64 bytes from 192.168.56.44: icmp_seq=5 ttl=64 time=0.298 ms
64 bytes from 192.168.56.44: icmp_seq=6 ttl=64 time=0.257 ms
^C
--- 192.168.56.44 ping statistics ---
6 packets transmitted, 6 received, 0% packet loss, time 4999ms
rtt min/avg/max/mdev = 0.191/0.262/0.322/0.045 ms
[root@localhost ~]# ping 192.168.56.44
PING 192.168.56.44 (192.168.56.44) 56(84) bytes of data.
64 bytes from 192.168.56.44: icmp_seq=1 ttl=64 time=0.274 ms
64 bytes from 192.168.56.44: icmp_seq=2 ttl=64 time=0.193 ms
64 bytes from 192.168.56.44: icmp_seq=3 ttl=64 time=0.349 ms
64 bytes from 192.168.56.44: icmp_seq=4 ttl=64 time=0.321 ms
64 bytes from 192.168.56.44: icmp_seq=5 ttl=64 time=0.313 ms
64 bytes from 192.168.56.44: icmp_seq=6 ttl=64 time=0.326 ms
64 bytes from 192.168.56.44: icmp_seq=7 ttl=64 time=0.242 ms
^C
--- 192.168.56.44 ping statistics ---
7 packets transmitted, 7 received, 0% packet loss, time 6000ms
rtt min/avg/max/mdev = 0.193/0.288/0.349/0.052 ms

















[root@node230 ~]# ip neigh
192.168.57.22 dev veth0 lladdr 52:54:00:af:90:fa REACHABLE
192.168.80.1 dev eno1 lladdr 00:0f:e2:7e:e0:a1 STALE
192.168.56.10 dev eno2 lladdr 0c:c4:7a:4f:15:63 REACHABLE
192.168.57.21 dev veth0 lladdr 4a:1d:8c:4e:c3:93 STALE
192.168.80.67 dev eno1 lladdr 50:9a:4c:bc:aa:2e REACHABLE
192.168.80.180 dev eno1 lladdr c4:ca:d9:9c:b1:27 STALE
192.168.57.21 dev vxlan0 lladdr 8e:c1:bd:37:ed:8f PERMANENT
192.168.56.10 dev veth0  FAILED
[root@node230 ~]# bridge fdb
33:33:00:00:00:01 dev eno1 self permanent
01:00:5e:00:00:01 dev eno1 self permanent
33:33:ff:4f:15:74 dev eno1 self permanent
33:33:00:00:00:01 dev enp2s0f0 self permanent
33:33:00:00:00:01 dev eno2 self permanent
01:00:5e:00:00:01 dev eno2 self permanent
33:33:ff:4f:15:75 dev eno2 self permanent
33:33:00:00:00:01 dev enp2s0f1 self permanent
33:33:00:00:00:01 dev br0 self permanent
01:00:5e:00:00:01 dev br0 self permanent
33:33:ff:84:9b:e2 dev br0 self permanent
a6:9d:25:4a:d9:4a dev veth1 master br0 
46:31:33:45:f3:c4 dev veth1 master br0 permanent
46:31:33:45:f3:c4 dev veth1 vlan 1 master br0 permanent
33:33:00:00:00:01 dev veth1 self permanent
01:00:5e:00:00:01 dev veth1 self permanent
33:33:ff:45:f3:c4 dev veth1 self permanent
33:33:00:00:00:01 dev veth0 self permanent
01:00:5e:00:00:01 dev veth0 self permanent
33:33:ff:4a:d9:4a dev veth0 self permanent
1a:01:5a:1f:93:0d dev vxlan0 vlan 1 master br0 permanent
4a:1d:8c:4e:c3:93 dev vxlan0 master br0 
1a:01:5a:1f:93:0d dev vxlan0 master br0 permanent
00:00:00:00:00:00 dev vxlan0 dst 192.168.56.10 self permanent
4a:1d:8c:4e:c3:93 dev vxlan0 dst 192.168.56.10 self 
8e:c1:bd:37:ed:8f dev vxlan0 dst 192.168.56.10 self permanent
01:00:5e:00:00:01 dev virbr0 self permanent
52:54:00:19:e5:a8 dev virbr0-nic vlan 1 master virbr0 permanent
52:54:00:19:e5:a8 dev virbr0-nic master virbr0 permanent
52:54:00:af:90:fa dev vnet0 master br0 
fe:54:00:af:90:fa dev vnet0 master br0 permanent
fe:54:00:af:90:fa dev vnet0 vlan 1 master br0 permanent
33:33:00:00:00:01 dev vnet0 self permanent
01:00:5e:00:00:01 dev vnet0 self permanent
33:33:ff:af:90:fa dev vnet0 self permanent



[root@piaoliuping ~]# ip neigh show dev eth0
192.168.56.242 lladdr 82:49:8e:cd:81:e1 PERMANENT
192.168.56.241 lladdr 52:54:00:eb:68:87 PERMANENT
192.168.56.43 lladdr fa:16:3e:20:71:53 STALE
192.168.56.42 lladdr fa:16:3e:b7:ef:81 STALE
192.168.56.45 lladdr fa:16:3e:43:b8:55 REACHABLE
192.168.56.35 lladdr fa:16:3e:36:64:14 STALE
192.168.56.33 lladdr fa:16:3e:a6:c8:e6 STALE
192.168.56.38 lladdr fa:16:3e:b2:c6:a0 REACHABLE
192.168.56.37 lladdr fa:16:3e:67:3e:95 STALE
192.168.56.10  FAILED
192.168.56.12  FAILED
192.168.56.19  FAILED

[root@localhost ~]# virsh domiflist 1
Interface  Type       Source     Model       MAC
-------------------------------------------------------
vnet0      bridge     br0        rtl8139     52:54:00:eb:68:87
[root@localhost ~]# ip -d link show dev vnet0
11: vnet0: <BROADCAST,MULTICAST,UP,LOWER_UP> mtu 1450 qdisc pfifo_fast master br0 state UNKNOWN mode DEFAULT group default qlen 1000
    link/ether fe:54:00:eb:68:87 brd ff:ff:ff:ff:ff:ff promiscuity 1 
    tun 
    bridge_slave state forwarding priority 32 cost 100 hairpin off guard off root_block off fastleave off learning on flood on port_id 0x8003 port_no 0x3 designated_port 32771 designated_cost 0 designated_bridge 8000.46:dc:c4:5f:7a:7 designated_root 8000.46:dc:c4:5f:7a:7 hold_timer    0.00 message_age_timer    0.00 forward_delay_timer    0.00 topology_change_ack 0 config_pending 0 proxy_arp off proxy_arp_wifi off mcast_router 1 mcast_fast_leave off mcast_flood on addrgenmode eui64 numtxqueues 1 numrxqueues 1 gso_max_size 65536 gso_max_segs 65535 
[root@localhost ~]# brctl showmacs br0
port no mac addr                is local?       ageing timer
  2     46:dc:c4:5f:7a:07       yes                0.00
  2     46:dc:c4:5f:7a:07       yes                0.00
  3     52:54:00:eb:68:87       no                32.85
  1     aa:cf:15:c2:88:f2       yes                0.00
  1     aa:cf:15:c2:88:f2       yes                0.00
  1     fa:16:3e:4a:69:54       no                39.40
  3     fe:54:00:eb:68:87       yes                0.00
  3     fe:54:00:eb:68:87       yes                0.00
[root@localhost ~]# bridge fdb show dev vxlan-78
aa:cf:15:c2:88:f2 master br0 permanent
fa:16:3e:4a:69:54 master br0 
aa:cf:15:c2:88:f2 vlan 1 master br0 permanent
00:00:00:00:00:00 dst 192.168.56.12 self permanent
00:00:00:00:00:00 dst 192.168.56.11 self permanent
00:00:00:00:00:00 dst 192.168.56.10 self permanent
fa:16:3e:4a:69:54 dst 192.168.56.12 self permanent
[root@localhost ~]# ip neigh show dev vxlan-78
192.168.56.44 lladdr fa:16:3e:4a:69:54 PERMANENT


[root@compute12 ~]# brctl showmacs brq133c3b9c-09
port no mac addr                is local?       ageing timer
  2     52:54:00:eb:68:87       no               257.71
  2     a6:b8:db:f3:da:b1       yes                0.00
  2     a6:b8:db:f3:da:b1       yes                0.00
  3     fa:16:3e:43:b8:55       no                 0.00
  1     fa:16:3e:4a:69:54       no                 0.00
  2     fa:16:3e:a6:c8:e6       no                24.84
  2     fa:16:3e:b2:c6:a0       no                 0.01
  2     fa:16:3e:b7:ef:81       no                 9.35
  3     fe:16:3e:43:b8:55       yes                0.00
  3     fe:16:3e:43:b8:55       yes                0.00
  1     fe:16:3e:4a:69:54       yes                0.00
  1     fe:16:3e:4a:69:54       yes                0.00
  4     fe:16:3e:4a:e5:a1       yes                0.00
  4     fe:16:3e:4a:e5:a1       yes                0.00
[root@compute12 ~]# bridge fdb show dev vxlan-78
fa:16:3e:a6:c8:e6 master brq133c3b9c-09 
fa:16:3e:b7:ef:81 master brq133c3b9c-09 
a6:b8:db:f3:da:b1 master brq133c3b9c-09 permanent
fa:16:3e:b2:c6:a0 master brq133c3b9c-09 
a6:b8:db:f3:da:b1 vlan 1 master brq133c3b9c-09 permanent
00:00:00:00:00:00 dst 192.168.56.9 self permanent
00:00:00:00:00:00 dst 192.168.56.11 self permanent
00:00:00:00:00:00 dst 192.168.56.10 self permanent
00:00:00:00:00:00 dst 192.168.56.19 self permanent
fa:16:3e:36:64:14 dst 192.168.56.11 self permanent
fa:16:3e:a6:c8:e6 dst 192.168.56.10 self permanent
46:dc:c4:5f:7a:07 dst 192.168.56.19 self permanent
fa:16:3e:b7:ef:81 dst 192.168.56.11 self permanent
fa:16:3e:20:71:53 dst 192.168.56.9 self permanent
fa:16:3e:b2:c6:a0 dst 192.168.56.11 self permanent
52:54:00:eb:68:87 dst 192.168.56.19 self permanent
fa:16:3e:67:3e:95 dst 192.168.56.11 self permanent
[root@compute12 ~]# ip neigh show dev vxlan-78
192.168.56.20  FAILED
192.168.56.42 lladdr fa:16:3e:b7:ef:81 PERMANENT
192.168.56.242 lladdr 46:dc:c4:5f:7a:07 PERMANENT
192.168.56.241 lladdr 52:54:00:eb:68:87 PERMANENT
192.168.56.33 lladdr fa:16:3e:a6:c8:e6 PERMANENT
192.168.56.44  FAILED
192.168.56.43 lladdr fa:16:3e:20:71:53 PERMANENT
192.168.56.35 lladdr fa:16:3e:36:64:14 PERMANENT
192.168.56.38 lladdr fa:16:3e:b2:c6:a0 PERMANENT
192.168.56.37 lladdr fa:16:3e:67:3e:95 PERMANENT

105
ip neigh replace dev eth0 192.168.56.241 lladdr 52:54:00:eb:68:87 nud permanent
ip neigh add dev eth0 192.168.56.242 lladdr 82:49:8e:cd:81:e1 nud permanent
ip neigh add dev eth0 192.168.56.243 lladdr ae:03:fd:b4:bd:c5 nud permanent  ***
ip neigh add dev eth0 192.168.56.244 lladdr fa:5a:a1:10:68:c5 nud permanent  ***
ip neigh replace dev eth0 192.168.56.242 lladdr 82:49:8e:cd:81:e1 nud permanent
ip neigh replace dev eth0 192.168.56.242 lladdr c6:c0:78:9a:ad:82 nud permanent


compute12
bridge fdb add dev vxlan-78 52:54:00:eb:68:87 dst 192.168.56.19
bridge fdb add dev vxlan-78 46:dc:c4:5f:7a:07 dst 192.168.56.19
bridge fdb add dev vxlan-78 b6:1f:6c:89:12:ff dst 192.168.56.19
bridge fdb add dev vxlan-78 ae:03:fd:b4:bd:c5 dst 192.168.56.19  veth2  ***
bridge fdb add dev vxlan-78 66:5c:5c:bb:7f:7e dst 192.168.56.19  veth3  ***
bridge fdb add dev vxlan-78 82:49:8e:cd:81:e1 dst 192.168.56.19  veth1
bridge fdb add dev vxlan-78 c6:c0:78:9a:ad:82 dst 192.168.56.19  veth0
bridge fdb add dev vxlan-78 fa:5a:a1:10:68:c5 dst 192.168.56.18  122.70.146.243



ip neigh replace 192.168.56.241 lladdr 52:54:00:eb:68:87 nud permanent dev vxlan-78  
ip neigh add 192.168.56.242 lladdr 82:49:8e:cd:81:e1 nud permanent dev vxlan-78  
ip neigh replace 192.168.56.242 lladdr 82:49:8e:cd:81:e1 nud permanent dev vxlan-78  veth1
ip neigh replace 192.168.56.242 lladdr c6:c0:78:9a:ad:82 nud permanent dev vxlan-78  veth0
ip neigh replace 192.168.56.243 lladdr ae:03:fd:b4:bd:c5 nud permanent dev vxlan-78  veth2  ***
ip neigh replace 192.168.56.243 lladdr 66:5c:5c:bb:7f:7e nud permanent dev vxlan-78  veth3
ip neigh add 192.168.56.244 lladdr fa:5a:a1:10:68:c5 nud permanent dev vxlan-78 122.70.146.243


122.70.146.105 
122.70.146.106
 122.70.146.53
 122.70.146.57
 122.70.146.48

   89  ip link add br0 type bridge
   93  ip link add vxlan-78 type vxlan id 78 dev enp7s0 dstport 8472
   94  ip link set vxlan-78 master br0
   95  ip link set br0 up
   96  ip link set vxlan-78 up
   97  yum install bash-completion bridge-utils
  100  brctl setfd br0 0
  101  ip -d link
  102  ip link add veth0 type veth peer name veth1
  103  ip link set veth1 master br0
  104  ip link set veth1 up
  105  ip link set veth0 up
  106  brctl showstp br0
  109  ip r del 192.168.56.0/24 dev enp7s0
  110  route -n
  111  ip addr add 192.168.56.244/24 dev veth0
  112  ip a
  113  ip r
  114  route -n
  115  ip a
  117  ip r add 192.168.56.12/32 via 192.168.56.18 dev enp7s0
  118  route -n
  119  ip neigh add 192.168.56.44 dev vxlan-78 lladdr fa:16:3e:4a:69:54 nud permanent  ***
  119  ip neigh add 192.168.56.45 dev vxlan-78 lladdr fa:16:3e:43:b8:55 nud permanent  ***
  119  ip neigh add 192.168.56.33 dev vxlan-78 lladdr fa:16:3e:a6:c8:e6 nud permanent  ***
  119  ip neigh add 192.168.56.38 dev vxlan-78 lladdr fa:16:3e:b2:c6:a0 nud permanent  ***
  119  ip neigh add 192.168.56.42 dev vxlan-78 lladdr fa:16:3e:b7:ef:81 nud permanent  ***
  120  ip neigh show dev vxlan-78
  121  bridge fdb show dev vxlan-78
  122  bridge fdb append 00:00:00:00:00:00 dev vxlan-78 dst 192.168.56.12
  123  bridge fdb append 00:00:00:00:00:00 dev vxlan-78 dst 192.168.56.11
  124  bridge fdb append 00:00:00:00:00:00 dev vxlan-78 dst 192.168.56.10
  124  bridge fdb append 00:00:00:00:00:00 dev vxlan-78 dst 192.168.56.17
  124  bridge fdb append 00:00:00:00:00:00 dev vxlan-78 dst 192.168.56.18
  125  bridge fdb show dev vxlan-78
  126  bridge fdb append fa:16:3e:4a:69:54 dev vxlan-78 dst 192.168.56.12   ***
  126  bridge fdb append fa:16:3e:43:b8:55 dev vxlan-78 dst 192.168.56.12   ***
  126  bridge fdb append fa:16:3e:a6:c8:e6 dev vxlan-78 dst 192.168.56.10   ***
  126  bridge fdb append fa:16:3e:b2:c6:a0 dev vxlan-78 dst 192.168.56.11   ***
  126  bridge fdb append fa:16:3e:b7:ef:81 dev vxlan-78 dst 192.168.56.11   ***
  127  bridge fdb show dev vxlan-78
  128  ip a
  129  ping 192.168.56.44
  133  ip r
  134  ip r add 192.168.56.11/32 via 192.168.56.18 dev enp7s0
  135  ip r add 192.168.56.10/32 via 192.168.56.18 dev enp7s0
  136  route -n

虚拟机
ip neigh add dev eth0 192.168.56.244 lladdr fa:5a:a1:10:68:c5 nud permanent
ip neigh add dev eth0 192.168.56.245 lladdr d2:2e:b3:9d:97:c9 nud permanent

宿主机
bridge fdb add dev vxlan-78 fa:5a:a1:10:68:c5 dst 192.168.56.18
bridge fdb replace dev vxlan-78 b6:7b:51:f6:be:08 dst 192.168.56.18
ip neigh add 192.168.56.244 lladdr fa:5a:a1:10:68:c5 nud permanent dev vxlan-78
ip neigh replace 192.168.56.244 lladdr b6:7b:51:f6:be:08 nud permanent dev vxlan-78

bridge fdb add dev vxlan-78 d2:2e:b3:9d:97:c9 dst 192.168.56.17
bridge fdb replace dev vxlan-78 d6:26:89:4a:65:b6 dst 192.168.56.17
ip neigh add 192.168.56.245 lladdr d2:2e:b3:9d:97:c9 nud permanent dev vxlan-78
ip neigh replace 192.168.56.245 lladdr d6:26:89:4a:65:b6 nud permanent dev vxlan-78


[root@BJ-TT-LiYang-Virtualization-2 ~]# history |grep cow
   89  mv template-1.qcow2 /var/lib/libvirt/images/
   94  qemu-img info /var/lib/libvirt/images/template-1.qcow2 
   96  mv /var/lib/libvirt/images/template-1.qcow2 .
  112  virt-install --name node_01 --ram=4096 --vcpus=4 --check-cpu --arch=x86_64 --os-type=linux --virt-type=kvm --disk=template-1.qcow2 --boot hd --network bridge=br0 --graphics vnc,listen=0.0.0.0 --noautoconsole --cpu=host-passthrough
  118  virt-install --name node_01 --ram=4096 --vcpus=4 --check-cpu --arch=x86_64 --os-type=linux --virt-type=kvm --disk=template-1.qcow2 --boot hd --network bridge=br0 --graphics vnc,listen=0.0.0.0 --noautoconsole --cpu=host-passthrough
  172  virt-install --name node_01 --ram=4096 --vcpus=4 --check-cpu --arch=x86_64 --os-type=linux --virt-type=kvm --disk=template-1.qcow2 --boot hd --network bridge=br0 --graphics vnc,listen=0.0.0.0 --noautoconsole --cpu=host-passthrough
  192  virt-install --name node_01 --ram=4096 --vcpus=4 --check-cpu --arch=x86_64 --os-type=linux --virt-type=kvm --disk=template-1.qcow2 --boot hd --network bridge=br0 --graphics vnc,listen=0.0.0.0 --noautoconsole --cpu=host-passthrough
  193  ll template-1.qcow2 
  195  chown qemu. template-1.qcow2 
  196  ll template-1.qcow2 
  197  virt-install --name node_01 --ram=4096 --vcpus=4 --check-cpu --arch=x86_64 --os-type=linux --virt-type=kvm --disk=template-1.qcow2 --boot hd --network bridge=br0 --graphics vnc,listen=0.0.0.0 --noautoconsole --cpu=host-passthrough
  198  cp template-1.qcow2 /var/lib/libvirt/images/
  204  chown qemu. /var/lib/libvirt/images/template-1.qcow2 
  229  cp template-1.qcow2 /var/lib/libvirt/images/node_02.qcow2
  230  cp template-1.qcow2 /var/lib/libvirt/images/node_03.qcow2
  231  cp template-1.qcow2 /var/lib/libvirt/images/node_04.qcow2
  232  qemu-img info /var/lib/libvirt/images/node_04.qcow2
  235  qemu-img resize /var/lib/libvirt/images/node_04.qcow2 20G
  236  qemu-img resize /var/lib/libvirt/images/node_03.qcow2 20G
  237  qemu-img resize /var/lib/libvirt/images/node_02.qcow2 20G
  238  qemu-img info /var/lib/libvirt/images/node_04.qcow2
  239  qemu-img info /var/lib/libvirt/images/node_03.qcow2
  240  qemu-img info /var/lib/libvirt/images/node_02.qcow2
  241  virt-install --name node_02 --ram=4096 --vcpus=4 --check-cpu --arch=x86_64 --os-type=linux --virt-type=kvm --disk=/var/lib/libvirt/images/node_02.qcow2 --boot hd --network bridge=br0 --graphics vnc,listen=0.0.0.0 --noautoconsole --cpu=host-passthrough
  242  virt-install --name node_03 --ram=4096 --vcpus=4 --check-cpu --arch=x86_64 --os-type=linux --virt-type=kvm --disk=/var/lib/libvirt/images/node_03.qcow2 --boot hd --network bridge=br0 --graphics vnc,listen=0.0.0.0 --noautoconsole --cpu=host-passthrough
  243  virt-install --name node_04 --ram=4096 --vcpus=4 --check-cpu --arch=x86_64 --os-type=linux --virt-type=kvm --disk=/var/lib/libvirt/images/node_04.qcow2 --boot hd --network bridge=br0 --graphics vnc,listen=0.0.0.0 --noautoconsole --cpu=host-passthrough
  663  mv CentOS-7-x86_64-GenericCloud.qcow2.xz diskimage-builder/
  766  xz -d CentOS-6-x86_64-GenericCloud.qcow2.xz 
  768  qemu-nbd --connect=/denbd0 CentOS-6-x86_64-GenericCloud.qcow2 
  769  qemu-nbd --connect=/dev/nbd0 CentOS-6-x86_64-GenericCloud.qcow2 
  771  virt-filesystems CentOS-6-x86_64-GenericCloud.qcow2 
  773  virt-filesystems -a CentOS-6-x86_64-GenericCloud.qcow2  -l
  775  virt-filesystems -a CentOS-6-x86_64-GenericCloud.qcow2  -l
  776  guestmount -a CentOS-6-x86_64-GenericCloud.qcow2 -m /dev/sda1 /mnt/
  782  virt-ls -a CentOS-6-x86_64-GenericCloud.qcow2 /opt/
  784  xz -z CentOS-6-x86_64-GenericCloud.qcow2 CentOS-6-x86_64-GenericCloud.qcow2.xz
  786  du -sh CentOS-6-x86_64-GenericCloud.qcow2.xz 
  787  sz CentOS-6-x86_64-GenericCloud.qcow2.xz 
  789  xz -d CentOS-6-x86_64-GenericCloud.qcow2.xz 
  791  guestmount -a CentOS-6-x86_64-GenericCloud.qcow2 -m /dev/sda1 /mnt/
  793  guestmount -a CentOS-6-x86_64-GenericCloud.qcow2 -m /dev/sda1 /mnt/
  799  xz -z CentOS-6-x86_64-GenericCloud.qcow2 CentOS-6-x86_64-GenericCloudn.qcow2
  801  sz CentOS-6-x86_64-GenericCloud.qcow2.xz 
  810  xz -d CentOS-6-x86_64-GenericCloud.qcow2.xz 
  812  rm -rf CentOS-6-x86_64-GenericCloud.qcow2 
  814  xz -d CentOS-6-x86_64-GenericCloudn.qcow2.xz 
  816  virt-customize -a CentOS-6-x86_64-GenericCloudn.qcow2 --root-passwd password:openstack
  817  virt-customize -a CentOS-6-x86_64-GenericCloudn.qcow2 --root-password password:openstack
  818  ll CentOS-6-x86_64-GenericCloudn.qcow2 
  820  chown qemu. CentOS-6-x86_64-GenericCloudn.qcow2 
  821  ll CentOS-6-x86_64-GenericCloudn.qcow2 
  822  virt-customize -a CentOS-6-x86_64-GenericCloudn.qcow2 --root-password password:openstack
  824  virt-customize -a CentOS-6-x86_64-GenericCloudn.qcow2 --root-password password:openstack
  826  xz -z CentOS-6-x86_64-GenericCloudn.qcow2 CentOS-6-x86_64-GenericCloudn.qcow2
  828  sz CentOS-6-x86_64-GenericCloudn.qcow2.xz 
  840  qemu-img info /var/lib/libvirt/images/node_02.qcow2
  841  history |grep cow


   81  ip neigh delete 192.168.57.21 dev eno2 lladdr 4a:1d:8c:4e:c3:93 nud PERMANENT
   82  ip neigh delete 192.168.57.21 dev eno2 lladdr 4a:1d:8c:4e:c3:93 nud permanent
   83  ip neigh add 192.168.57.21 dev vxlan0 lladdr 4a:1d:8c:4e:c3:93 nud permanent
   84  ip neigh
   85  tcpdump -i vxlan0 -vv
   86  ip a
   87  brctl showmacs br0
   88  tcpdump -i vxlan0 -vv
   89  rpm -qa|grep tools
   90  yum install brctl
   91  rpm -qa|grep bridge
   92  yum provide brctl
   93  yum provides brctl
   94  yum install bridge-utils
   95  brctl show
   96  brctl showstp
   97  brctl showstp br0
   98  ip -d link
   99  ip link add veth0 type veth peer name veth1
  100  ip addr add veth0 192.168.57.20/24
  101  ip addr add dev veth0 192.168.57.20/24
  102  ip link set veth1 master br0
  103  brctl show
  104  ip link set veth0 up
  105  ip link set veth1 up
  106  brctl show
  107  ip -d link
  108  ip a
  109  bridge fdb
  110  bridge fdb show dev vxlan0
  111  ip -d link show dev vxlan0
  112  ping 192.168.56.10 -I veth0
  113  bridge fdb show dev vxlan0
  114  bridge fdb append 00:00:00:00:00:00 dev vxlan0 dst 192.168.56.10
  115  bridge fdb show dev vxlan0
  116  ping 192.168.56.10 -I veth0
  117  bridge fdb append 0c:c4:7a:4f:15:63 dev vxlan0 dst 192.168.56.10
  118  bridge fdb show dev vxlan0
  119  ping 192.168.56.10 -I veth0
  120  ip neigh
  121  brctl showstp br0
  122  bridge fdb show dev vxlan0
  123  ip link
  124  bridge fdb append 4a:1d:8c:4e:c3:93 dev vxlan0 dst 192.168.56.10
  125  bridge fdb
  126  bridge fdb show dev vxlan0
  127  ip a
  128  ping 192.168.57.21
  129  ip neigh
  130  bridge fdb show dev vxlan0
  131  bridge fdb delete 0c:c4:7a:4f:15:63 dev vxlan0 dst 192.168.56.10
  132  bridge fdb show dev vxlan0
  133  ping 192.168.57.21
  134  bridge fdb append 8e:c1:bd:37:ed:8f dev vxlan0 dst 192.168.56.10
  135  bridge fdb show dev vxlan0
  136  ip a
  137  ping 192.168.57.21
  138  ip neigh show dev vxlan0
  139  ip neigh show
  140  ip neigh add 192.168.57.21 lladdr 4a:1d:8c:4e:c3:93 permanent
  141  ip neigh add help
  142  ip neigh add
  143  ip neigh help
  144  ip neigh add 192.168.57.21 lladdr 4a:1d:8c:4e:c3:93 nud permanent
  145  man ip-neigh
  146  man ip
  147  man ip-neighbour
  148  ip neigh add 192.168.57.21 lladdr 4a:1d:8c:4e:c3:93 dev eno2 nud permanent
  149  ip neigh
  150  ip a
  151  ping 192.168.57.21
  152  ip neigh replace 192.168.57.21 lladdr 4a:1d:8c:4e:c3:93 dev vxlan0 nud permanent
  153  ping 192.168.57.21
  154  ip link set vxlan0 learning
  155  ip link set dev vxlan0 learning
  156  bridge fdb append 00:00:00:00:00:00 dev vxlan0 dst 192.168.56.10
  157  ping 192.168.57.21
  158  brctl show
  159  ip a
  160  ping 192.168.57.21
  161  ip neigh
  162  ip -d link show dev vxlna0
  163  ip -d link show dev vxlnan0
  164  ip -d link show dev vxlan0
  165  brctl showmacs br0
  166  ip -d link
  167  ip a
  168  ping 192.168.57.21 -I veth0
  169  ping 192.168.57.20
  170  ping 192.168.56.10 -I veth0
  171  ip r
  172  ip a
  173  ip n
  174  bridge fdb
  175  bridge fdb show dev vxlan0
  176  bridge fdb show dev br0
  177  brctl showmacs br0
  178  ip help
  179  ip tuntap help
  180  brctl showmacs br0
  181  bridge fdb show dev br0
  182  bridge fdb show dev vxlan0
  183  brctl show
  184  ping 192.168.57.20
  185  brctl showmacs br0
  186  bridge fdb show vxlan0
  187  brctl showmacs br0
  188  bridge fdb show dev vxlan0
  189  bridge fdb append 8e:c1:bd:37:ed:8f dev vxlan0 dst 192.168.56.10
  190  bridge fdb show dev vxlan0
  191  brctl showmacs br0
  192  bridge fdb show dev vxlan0
  193  ip neigh
  194  ip neigh delete 192.168.57.21 dev vxlan0 lladdr 4a:1d:8c:4e:c3:93 nud permanent
  195  ip neigh
  196  ip neigh add 192.168.57.21 dev vxlan0 lladdr 8e:c1:bd:37:ed:8f nud permanent
  197  brctl showmacs br0
  198  bridge fdb show dev vxlan0
  199  ip neigh
  200  ping 192.168.57.21\
  201  ping 192.168.57.21
  202  ping 192.168.57.20
  203  ping 192.168.57.21



[root@compute12 ~]# brctl show
bridge name     bridge id               STP enabled     interfaces
brq0fd4de9b-3c          8000.5a01b54ad887       no              tap34e05a05-6b
                                                        tap78f05c86-da
                                                        tapef88d859-65
                                                        vxlan-100
brq133c3b9c-09          8000.a6b8dbf3dab1       no              tap4257730c-85
                                                        tap5a504092-6f
                                                        tap8530e6f3-51
                                                        vxlan-78
brq5b53726d-ea          8000.0cc47a151ff4       no              eth0
                                                        tap053b1896-91
                                                        tap4b898cb6-f4
                                                        tapa8006a27-aa
                                                        tapc661e0fa-75
                                                        tapcaa52508-bc
                                                        tapf4d4f40d-a7
[root@compute12 ~]# brctl showstp brq133c3b9c-09
brq133c3b9c-09
 bridge id              8000.a6b8dbf3dab1
 designated root        8000.a6b8dbf3dab1
 root port                 0                    path cost                  0
 max age                  20.00                 bridge max age            20.00
 hello time                2.00                 bridge hello time          2.00
 forward delay             0.00                 bridge forward delay       0.00
 ageing time             300.00
 hello timer               0.00                 tcn timer                  0.00
 topology change timer     0.00                 gc timer                  74.25
 flags


tap4257730c-85 (3)
 port id                8003                    state                forwarding
 designated root        8000.a6b8dbf3dab1       path cost                100
 designated bridge      8000.a6b8dbf3dab1       message age timer          0.00
 designated port        8003                    forward delay timer        0.00
 designated cost           0                    hold timer                 0.00
 flags

tap5a504092-6f (1)
 port id                8001                    state                forwarding
 designated root        8000.a6b8dbf3dab1       path cost                100
 designated bridge      8000.a6b8dbf3dab1       message age timer          0.00
 designated port        8001                    forward delay timer        0.00
 designated cost           0                    hold timer                 0.00
 flags

tap8530e6f3-51 (4)
 port id                8004                    state                forwarding
 designated root        8000.a6b8dbf3dab1       path cost                100
 designated bridge      8000.a6b8dbf3dab1       message age timer          0.00
 designated port        8004                    forward delay timer        0.00
 designated cost           0                    hold timer                 0.00
 flags

vxlan-78 (2)
 port id                8002                    state                forwarding
 designated root        8000.a6b8dbf3dab1       path cost                100
 designated bridge      8000.a6b8dbf3dab1       message age timer          0.00
 designated port        8002                    forward delay timer        0.00
 designated cost           0                    hold timer                 0.00
 flags

[root@compute12 ~]# bridge fdb show dev brq133c3b9c-09
33:33:00:00:00:01 self permanent
01:00:5e:00:00:01 self permanent
33:33:ff:d2:38:a0 self permanent
33:33:00:00:02:02 self permanent
[root@compute12 ~]# bridge fdb show dev vxlan-78
fa:16:3e:a6:c8:e6 master brq133c3b9c-09 
fa:16:3e:b7:ef:81 master brq133c3b9c-09 
a6:b8:db:f3:da:b1 master brq133c3b9c-09 permanent
fa:16:3e:b2:c6:a0 master brq133c3b9c-09 
a6:b8:db:f3:da:b1 vlan 1 master brq133c3b9c-09 permanent
00:00:00:00:00:00 dst 192.168.56.9 self permanent
00:00:00:00:00:00 dst 192.168.56.11 self permanent
00:00:00:00:00:00 dst 192.168.56.10 self permanent
fa:16:3e:36:64:14 dst 192.168.56.11 self permanent
fa:16:3e:a6:c8:e6 dst 192.168.56.10 self permanent
fa:16:3e:b7:ef:81 dst 192.168.56.11 self permanent
fa:16:3e:20:71:53 dst 192.168.56.9 self permanent
fa:16:3e:b2:c6:a0 dst 192.168.56.11 self permanent
fa:16:3e:67:3e:95 dst 192.168.56.11 self permanent	
[root@compute12 ~]# ip neigh show dev vxlan-78
192.168.56.20  FAILED
192.168.56.42 lladdr fa:16:3e:b7:ef:81 PERMANENT
192.168.56.33 lladdr fa:16:3e:a6:c8:e6 PERMANENT
192.168.56.44  FAILED
192.168.56.43 lladdr fa:16:3e:20:71:53 PERMANENT
192.168.56.35 lladdr fa:16:3e:36:64:14 PERMANENT
192.168.56.38 lladdr fa:16:3e:b2:c6:a0 PERMANENT
192.168.56.37 lladdr fa:16:3e:67:3e:95 PERMANENT
[root@compute12 ~]# ip neigh show dev brq133c3b9c-09
[root@compute12 ~]# 	
[root@compute12 ~]# brctl show
bridge name     bridge id               STP enabled     interfaces
brq0fd4de9b-3c          8000.5a01b54ad887       no              tap34e05a05-6b
                                                        tap78f05c86-da
                                                        tapef88d859-65
                                                        vxlan-100
brq133c3b9c-09          8000.a6b8dbf3dab1       no              tap4257730c-85
                                                        tap5a504092-6f
                                                        tap8530e6f3-51
                                                        vxlan-78
brq5b53726d-ea          8000.0cc47a151ff4       no              eth0
                                                        tap053b1896-91
                                                        tap4b898cb6-f4
                                                        tapa8006a27-aa
                                                        tapc661e0fa-75
                                                        tapcaa52508-bc
                                                        tapf4d4f40d-a7
[root@compute12 ~]# brctl showmacs brq133c3b9c-09
port no mac addr                is local?       ageing timer
  2     a6:b8:db:f3:da:b1       yes                0.00
  2     a6:b8:db:f3:da:b1       yes                0.00
  3     fa:16:3e:43:b8:55       no                 0.01
  1     fa:16:3e:4a:69:54       no                 0.01
  2     fa:16:3e:a6:c8:e6       no                 0.36
  2     fa:16:3e:b2:c6:a0       no                 0.01
  2     fa:16:3e:b7:ef:81       no                 2.59
  3     fe:16:3e:43:b8:55       yes                0.00
  3     fe:16:3e:43:b8:55       yes                0.00
  1     fe:16:3e:4a:69:54       yes                0.00
  1     fe:16:3e:4a:69:54       yes                0.00
  4     fe:16:3e:4a:e5:a1       yes                0.00
  4     fe:16:3e:4a:e5:a1       yes                0.00
[root@compute12 ~]# ip -d link show dev brq133c3b9c-09 
9: brq133c3b9c-09: <BROADCAST,MULTICAST,UP,LOWER_UP> mtu 1450 qdisc noqueue state UP mode DEFAULT qlen 1000
    link/ether a6:b8:db:f3:da:b1 brd ff:ff:ff:ff:ff:ff promiscuity 0 
    bridge forward_delay 0 hello_time 200 max_age 2000 ageing_time 30000 stp_state 0 priority 32768 vlan_filtering 0 vlan_protocol 802.1Q bridge_id 8000.a6:b8:db:f3:da:b1 designated_root 8000.a6:b8:db:f3:da:b1 root_port 0 root_path_cost 0 topology_change 0 topology_change_detected 0 hello_timer    0.00 tcn_timer    0.00 topology_change_timer    0.00 gc_timer   69.60 vlan_default_pvid 1 group_fwd_mask 0 group_address 01:80:c2:00:00:00 mcast_snooping 1 mcast_router 1 mcast_query_use_ifaddr 0 mcast_querier 0 mcast_hash_elasticity 4 mcast_hash_max 512 mcast_last_member_count 2 mcast_startup_query_count 2 mcast_last_member_interval 100 mcast_membership_interval 26000 mcast_querier_interval 25500 mcast_query_interval 12500 mcast_query_response_interval 1000 mcast_startup_query_interval 3125 addrgenmode eui64 
[root@compute12 ~]# ip -d link show dev tap4257730c-85
159: tap4257730c-85: <BROADCAST,MULTICAST,UP,LOWER_UP> mtu 1450 qdisc pfifo_fast master brq133c3b9c-09 state UNKNOWN mode DEFAULT qlen 1000
    link/ether fe:16:3e:43:b8:55 brd ff:ff:ff:ff:ff:ff promiscuity 1 
    tun 
    bridge_slave state forwarding priority 32 cost 100 hairpin off guard off root_block off fastleave off learning on flood on port_id 0x8003 port_no 0x3 designated_port 32771 designated_cost 0 designated_bridge 8000.a6:b8:db:f3:da:b1 designated_root 8000.a6:b8:db:f3:da:b1 hold_timer    0.00 message_age_timer    0.00 forward_delay_timer    0.00 topology_change_ack 0 config_pending 0 proxy_arp off proxy_arp_wifi off mcast_router 1 mcast_fast_leave off mcast_flood on addrgenmode eui64 
[root@compute12 ~]# ip -d link show dev vxlan-78
28: vxlan-78: <BROADCAST,MULTICAST,UP,LOWER_UP> mtu 1450 qdisc noqueue master brq133c3b9c-09 state UNKNOWN mode DEFAULT qlen 1000
    link/ether a6:b8:db:f3:da:b1 brd ff:ff:ff:ff:ff:ff promiscuity 1 
    vxlan id 78 dev eth1 srcport 0 0 dstport 8472 ageing 300 
    bridge_slave state forwarding priority 32 cost 100 hairpin off guard off root_block off fastleave off learning on flood on port_id 0x8002 port_no 0x2 designated_port 32770 designated_cost 0 designated_bridge 8000.a6:b8:db:f3:da:b1 designated_root 8000.a6:b8:db:f3:da:b1 hold_timer    0.00 message_age_timer    0.00 forward_delay_timer    0.00 topology_change_ack 0 config_pending 0 proxy_arp off proxy_arp_wifi off mcast_router 1 mcast_fast_leave off mcast_flood on addrgenmode eui64 

[root@LIVE-CTC-WATCH4-CQ ~]# ip link add vxlan type vxlan help
Usage: ... vxlan id VNI [ group ADDR ] [ local ADDR ]
                 [ ttl TTL ] [ tos TOS ] [ dev PHYS_DEV ]
                 [ port MIN MAX ] [ [no]learning ]
                 [ [no]proxy ] [ [no]rsc ]
                 [ [no]l2miss ] [ [no]l3miss ]

Where: VNI := 0-16777215
       ADDR := { IP_ADDRESS | any }
       TOS  := { NUMBER | inherit }
       TTL  := { 1..255 | inherit }
	   
lsmod |grep br
br_netfilter           22209  1 xt_physdev
bridge                136173  1 br_netfilter
stp                    12976  1 bridge
llc                    14552  2 stp,bridge