kubeadm 踩坑记

Kubeadm 是个让我爱恨交加的东西，一方面，我不认为一个生产集群应该使用这样一个第三方工具进行在线安装，尤其是在目前这种网络环境之下；而另外一方面，Kubeadm 这一工具是随 Kubernetes 同步更新的，其中包含了大量的集群配置方面的最佳实践，是追新的最佳参考，所以这个讨厌的东西的运行是必须需要得到保障的。kubeadm 的执行过程沉默到令人发指，因此下面分享几个使用过程中遇到的一些问题和解决的思路和方法，希望对同行们有所帮助。

下面的例子是基于 kubeadm 1.6.6 + Centos 7 的执行过程记录的。

写入 yum repo 并进行安装之后，利用 systemctl enable kubelet 启用 kubelet 服务之后，只要运行一下 systemctl daemon-reload即可，这一服务的启动需要 kubeadm 生成的证书和配置文件等的支持，因此无需进行启动。
kubeadm init过程首先会检查代理服务器，确定跟 kube-apiserver 的 https 连接方式，如果有代理设置，会提出警告。
接下来会对 sysctl 进行检查，我这里需要执行 sysctl net.bridge.bridge-nf-call-iptables=1，对这一参数进行调整，解决他的警告。
接下来进入最抓狂的一个等待时间，屏幕显示为[apiclient] Created API client, waiting for the control plane to become ready，这一过程中会遇到大多数的坑，我一般会另外启动一个连接或者 tmux 窗口，进行观察和除错：
这里已经做好运行 kubelet 服务的准备，因此这一时间内，我们可以利用systemctl statusl -l kubelet对服务的启动状况进行检查，目前比较容易遇到的是 kubectl 和 docker 两个服务的cgroup-driver不一致的问题，这里编辑文件/etc/systemd/system/kubelet.service.d/10-kubeadm.conf，修改这一参数值为跟 docker 一致的cgroupfs即可。这一步可以在 kubeadm init 之前执行完成
kubelet 启动之后，会尝试运行系统组件的 Pod，这里我们可以通过观察docker images的镜像列表来观察是否能够顺利进行下载。
镜像下载完成之后就会开始运行各个系统组件，因此也是事故最为集中的阶段，我们可以使用docker ps、docker logs、docker inspect几个命令，逐个查看组件的运行情况，对失败组件的原因进行排除，之前提过的resolv.conf的故障就是在这一阶段发现并排除的。

kubeadm 部署kubernetes 1.11.0 的问题记录

系统环境

[root@kubeadm ~]# cat /etc/redhat-release 
CentOS Linux release 7.5.1804 (Core) 

关闭selinux

[root@kubeadm ~]# cat /etc/selinux/config 

# This file controls the state of SELinux on the system.
# SELINUX= can take one of these three values:
#     enforcing - SELinux security policy is enforced.
#     permissive - SELinux prints warnings instead of enforcing.
#     disabled - No SELinux policy is loaded.
SELINUX=disabled
# SELINUXTYPE= can take one of three two values:
#     targeted - Targeted processes are protected,
#     minimum - Modification of targeted policy. Only selected processes are protected. 
#     mls - Multi Level Security protection.
SELINUXTYPE=targeted 

编辑kubelet的启动环境变量，该变量要与docker的cgroup-driver驱动一样

docker的cgroup-driver驱动

[root@kubeadm ~]# docker info
Containers: 10
 Running: 10
 Paused: 0
 Stopped: 0
Images: 7
Server Version: 1.13.1
Storage Driver: overlay2
 Backing Filesystem: xfs
 Supports d_type: true
 Native Overlay Diff: false
Logging Driver: journald
Cgroup Driver: systemd

kubelet的cgroup-driver驱动

[root@kubeadm ~]# cat /etc/default/kubelet 
KUBELET_KUBEADM_EXTRA_ARGS=--cgroup-driver=systemd

安装docker

yum install -y docker
systemctl enable docker && systemctl start docker
1
2
添加谷歌的yum源

[root@kubeadm ~]# cat /etc/yum.repos.d/kubernetes.repo 
[kubernetes]
name=Kubernetes
baseurl=https://packages.cloud.google.com/yum/repos/kubernetes-el7-x86_64
enabled=1
gpgcheck=1
repo_gpgcheck=1
gpgkey=https://packages.cloud.google.com/yum/doc/yum-key.gpg https://packages.cloud.google.com/yum/doc/rpm-package-key.gpg

安装kubelet kubeadm kubectl

yum install -y kubelet kubeadm kubectl
systemctl enable kubelet
1
2
注意：这一步不能直接执行 systemctl start kubelet，否侧会报错，kubelet也起动不成功

7月 29 12:17:19 kubeadm systemd[1]: Started kubelet: The Kubernetes Node Agent.
7月 29 12:17:19 kubeadm systemd[1]: Starting kubelet: The Kubernetes Node Agent...
7月 29 12:17:20 kubeadm kubelet[32751]: F0729 12:17:20.026220   32751 server.go:190] failed to load Kubelet config file /var/lib/kubelet/config.yaml, error failed to read kubelet config file "/var/lib/kubelet/config.yaml", error: open /var/lib/kubelet/config.yaml: no such file or directory


直接执行

[root@kubeadm ~]# kubeadm init
[init] using Kubernetes version: v1.11.1
[preflight] running pre-flight checks
    [WARNING Firewalld]: firewalld is active, please ensure ports [6443 10250] are open or your cluster may not function correctly
I0729 12:24:37.097036     574 kernel_validator.go:81] Validating kernel version
I0729 12:24:37.097124     574 kernel_validator.go:96] Validating kernel config
    [WARNING Hostname]: hostname "kubeadm" could not be reached
    [WARNING Hostname]: hostname "kubeadm" lookup kubeadm on 10.155.0.1:53: no such host
[preflight/images] Pulling images required for setting up a Kubernetes cluster
[preflight/images] This might take a minute or two, depending on the speed of your internet connection
[preflight/images] You can also perform this action in beforehand using 'kubeadm config images pull'

[kubelet] Writing kubelet environment file with flags to file "/var/lib/kubelet/kubeadm-flags.env"
[kubelet] Writing kubelet configuration to file "/var/lib/kubelet/config.yaml"
[preflight] Activating the kubelet service
[certificates] Generated ca certificate and key.
[certificates] Generated apiserver certificate and key.

[root@kubeadm ~]# systemctl status kubelet
● kubelet.service - kubelet: The Kubernetes Node Agent
   Loaded: loaded (/etc/systemd/system/kubelet.service; enabled; vendor preset: disabled)
  Drop-In: /etc/systemd/system/kubelet.service.d
           └─10-kubeadm.conf
   Active: active (running) since 日 2018-07-29 12:27:18 CST; 1min 10s ago
     Docs: http://kubernetes.io/docs/
 Main PID: 917 (kubelet)
   CGroup: /system.slice/kubelet.service
           └─917 /usr/bin/kubelet --bootstrap-kubeconfig=/etc/kubernetes/bootstrap-kubelet.conf --kubeconfig=/etc/kubernetes/kubelet.conf --config=/var/lib...

7月 29 12:28:10 kubeadm kubelet[917]: W0729 12:28:10.689546     917 cni.go:172] Unable to update cni config: No networks found in /etc/cni/net.d
7月 29 12:28:10 kubeadm kubelet[917]: E0729 12:28:10.689653     917 kubelet.go:2110] Container runtime network not ready: NetworkReady=false reas...itialized
7月 29 12:28:15 kubeadm kubelet[917]: W0729 12:28:15.691030     917 cni.go:172] Unable to update cni config: No networks found in /etc/cni/net.d
7月 29 12:28:15 kubeadm kubelet[917]: E0729 12:28:15.691284     917 kubelet.go:2110] Container runtime network not ready: NetworkReady=false reas...itialized
7月 29 12:28:20 kubeadm kubelet[917]: E0729 12:28:20.683083     917 summary.go:102] Failed to get system container stats for "/system.slice/kubelet.servic...
7月 29 12:28:20 kubeadm kubelet[917]: E0729 12:28:20.683103     917 summary.go:102] Failed to get system container stats for "/system.slice/docke....service"
7月 29 12:28:20 kubeadm kubelet[917]: W0729 12:28:20.692520     917 cni.go:172] Unable to update cni config: No networks found in /etc/cni/net.d
7月 29 12:28:20 kubeadm kubelet[917]: E0729 12:28:20.692688     917 kubelet.go:2110] Container runtime network not ready: NetworkReady=false reas...itialized
7月 29 12:28:25 kubeadm kubelet[917]: W0729 12:28:25.694158     917 cni.go:172] Unable to update cni config: No networks found in /etc/cni/net.d
7月 29 12:28:25 kubeadm kubelet[917]: E0729 12:28:25.694261     917 kubelet.go:2110] Container runtime network not ready: NetworkReady=false reas...itialized
Hint: Some lines were ellipsized, use -l to show in full.
